// Jest Snapshot v1, https://goo.gl/fbAQLP

exports[`configuration browserslist should render the configuration 1`] = `
Array [
  "and_chr 120",
  "chrome 121",
  "chrome 120",
  "chrome 119",
  "edge 121",
  "edge 120",
  "firefox 122",
  "firefox 121",
  "ios_saf 17.1",
  "safari 17.3",
  "safari 17.2",
]
`;
