// Jest Snapshot v1, https://goo.gl/fbAQLP

exports[`Configuration PostCSS should render the configuration 1`] = `
Object {
  "plugins": Array [
    [Function],
    [Function],
  ],
}
`;
