// Jest Snapshot v1, https://goo.gl/fbAQLP

exports[`configuration lint Staged should render the configuration 1`] = `
Object {
  "*.css": "stylelint --fix",
  "*.js": "eslint --fix",
  "*.scss": "stylelint --syntax=scss --fix",
  "*.{png,jpeg,jpg,gif,svg}": "imagemin-lint-staged",
}
`;
