// Jest Snapshot v1, https://goo.gl/fbAQLP

exports[`preset babel should render the configuration 1`] = `[Function]`;
