// Jest Snapshot v1, https://goo.gl/fbAQLP

exports[`Preset Bundlewatch should render the configuration 1`] = `
Object {
  "files": Array [
    Object {
      "maxSize": "100 kB",
      "path": "./dist/**/*.js",
    },
  ],
}
`;
